// Jest Snapshot v1, https://goo.gl/fbAQLP

exports[`Should WelcomeScreen render correctly 1`] = `[Function]`;
